~/workspace$ git remote set-url origin https://github.com/DeQuackDealer/AegisOSRepo.git
git branch -M main
git push -u origin main
Enumerating objects: 5508, done.
Counting objects: 100% (5508/5508), done.
Delta compression using up to 8 threads
Compressing objects: 100% (5094/5094), done.
Writing objects: 100% (5508/5508), 41.79 MiB | 5.23 MiB/s, done.
Total 5508 (delta 2970), reused 0 (delta 0), pack-reused 0 (from 0)
remote: Resolving deltas: 100% (2970/2970), done.
To https://github.com/DeQuackDealer/AegisOSRepo.git
 ! [remote rejected] main -> main (refusing to allow an OAuth App to create or update workflow `.github/workflows/build-aegis-iso.yml` without `workflow` scope)
error: failed to push some refs to 'https://github.com/DeQuackDealer/AegisOSRepo.git'
~/workspace$ ^[[200~git rm --cached aegis-promotional/downloads/aegis-os-freemium.iso
git rm --cached aegis-promotional/downloads/aegis-os-freemium.isobash: git: command not found
~/workspace$ git commit -m "Remove tracked ISO file from git history"
On branch main
nothing to commit, working tree clean
~/workspace$ git push -u origin main~
fatal: invalid refspec 'main~'
~/workspace$ ^[[200~git rm --cached aegis-promotional/downloads/aegis-os-freemium.iso
git rm --cached aegis-promotional/downloads/aegis-os-freemium.isobash: git: command not found
~/workspace$ git commit -m "Remove tracked ISO file from git history"
On branch main
nothing to commit, working tree clean
~/workspace$ git push -u origin main~
fatal: invalid refspec 'main~'
~/workspace$ git rm --cached aegis-promotional/downloads/aegis-os-freemium.iso
git commit -m "Remove tracked ISO file from git history"
git push -u origin main
fatal: pathspec 'aegis-promotional/downloads/aegis-os-freemium.iso' did not match any files
On branch main
nothing to commit, working tree clean
Enumerating objects: 5508, done.
Counting objects: 100% (5508/5508), done.
Delta compression using up to 8 threads
Compressing objects: 100% (5094/5094), done.
Writing objects: 100% (5508/5508), 41.80 MiB | 5.27 MiB/s, done.
Total 5508 (delta 2967), reused 0 (delta 0), pack-reused 0 (from 0)
remote: Resolving deltas: 100% (2967/2967), done.
To https://github.com/DeQuackDealer/AegisOSRepo.git
 ! [remote rejected] main -> main (refusing to allow an OAuth App to create or update workflow `.github/workflows/build-aegis-iso.yml` without `workflow` scope)
error: failed to push some refs to 'https://github.com/DeQuackDealer/AegisOSRepo.git'
~/workspace$ 